12:22:28 **** Incremental Build of configuration Debug for project Prueba1APP ****
make all 
make --no-print-directory pre-build
a9-linaro-pre-build-step
 
make --no-print-directory main-build
Building file: ../src/helloworld.c
Invoking: ARM v7 gcc compiler
arm-none-eabi-gcc -Wall -O0 -g3 -c -fmessage-length=0 -MT"src/helloworld.o" -mcpu=cortex-a9 -mfpu=vfpv3 -mfloat-abi=hard -I/opt/Xilinx/Vitis_Workspace/AXI_Pruebas/Prueba5_AXI_11_06_INSTANCIACIONES/Prueba1/export/Prueba1/sw/Prueba1/standalone_domain/bspinclude/include -MMD -MP -MF"src/helloworld.d" -MT"src/helloworld.o" -o "src/helloworld.o" "../src/helloworld.c"
../src/helloworld.c: In function 'main':
../src/helloworld.c:79:24: warning: format '%X' expects argument of type 'unsigned int', but argument 2 has type 'u32' {aka 'long unsigned int'} [-Wformat=]
   79 |     printf("Valor ID: %X\n", Valor_ID);
      |                       ~^     ~~~~~~~~
      |                        |     |
      |                        |     u32 {aka long unsigned int}
      |                        unsigned int
      |                       %lX
../src/helloworld.c:81:5: warning: implicit declaration of function 'sleep' [-Wimplicit-function-declaration]
   81 |     sleep(30); //esperar a que se hayan enviado todos los trigger para contarlos
      |     ^~~~~
../src/helloworld.c:83:56: warning: format '%d' expects argument of type 'int', but argument 2 has type 'u32' {aka 'long unsigned int'} [-Wformat=]
   83 |     printf("Numero de triggers enviados en modo fijo: %d\n", contador_triggers);
      |                                                       ~^     ~~~~~~~~~~~~~~~~~
      |                                                        |     |
      |                                                        int   u32 {aka long unsigned int}
      |                                                       %ld
Finished building: ../src/helloworld.c
 
Building target: Prueba1APP.elf
Invoking: ARM v7 gcc linker
arm-none-eabi-gcc -mcpu=cortex-a9 -mfpu=vfpv3 -mfloat-abi=hard -Wl,-build-id=none -specs=Xilinx.spec -Wl,-T -Wl,../src/lscript.ld -L/opt/Xilinx/Vitis_Workspace/AXI_Pruebas/Prueba5_AXI_11_06_INSTANCIACIONES/Prueba1/export/Prueba1/sw/Prueba1/standalone_domain/bsplib/lib -o "Prueba1APP.elf"  ./src/helloworld.o ./src/platform.o   -Wl,--start-group,-lxil,-lgcc,-lc,--end-group
Finished building target: Prueba1APP.elf
 
Invoking: ARM v7 Print Size
arm-none-eabi-size Prueba1APP.elf  |tee "Prueba1APP.elf.size"
   text	   data	    bss	    dec	    hex	filename
  50887	   2548	  22640	  76075	  1292b	Prueba1APP.elf
Finished building: Prueba1APP.elf.size
 

12:22:28 Build Finished (took 218ms)

