#-----------------------------------------------------------
# Vivado v2021.2.1 (64-bit)
# SW Build 3414424 on Sun Dec 19 10:57:14 MST 2021
# IP Build 3405791 on Sun Dec 19 15:54:35 MST 2021
# Start of session at: Tue Jun 11 12:02:25 2024
# Process ID: 30361
# Current directory: /opt/Xilinx/Projects/Proyecto_TFM/1/Prueba_5/project_1/project_1.runs/design_1_tier2_xbar_1_0_synth_1
# Command line: vivado -log design_1_tier2_xbar_1_0.vds -product Vivado -mode batch -messageDb vivado.pb -notrace -source design_1_tier2_xbar_1_0.tcl
# Log file: /opt/Xilinx/Projects/Proyecto_TFM/1/Prueba_5/project_1/project_1.runs/design_1_tier2_xbar_1_0_synth_1/design_1_tier2_xbar_1_0.vds
# Journal file: /opt/Xilinx/Projects/Proyecto_TFM/1/Prueba_5/project_1/project_1.runs/design_1_tier2_xbar_1_0_synth_1/vivado.jou
# Running On: juancarlos-HP-EliteBook-640-14-inch-G9-Notebook-PC, OS: Linux, CPU Frequency: 4289.587 MHz, CPU Physical cores: 12, Host memory: 16379 MB
#-----------------------------------------------------------
source design_1_tier2_xbar_1_0.tcl -notrace
